// Jest Snapshot v1, https://goo.gl/fbAQLP

exports[`<App /> should render and match the snapshot 1`] = `
<ForwardRef>
  <HelmetWrapper
    defaultTitle="React.js Boilerplate"
    defer={true}
    encodeSpecialCharacters={true}
    titleTemplate="%s - React.js Boilerplate"
  >
    <meta
      content="A React.js Boilerplate application"
      name="description"
    />
  </HelmetWrapper>
  <Switch>
    <Route
      component={
        Object {
          "$$typeof": Symbol(react.memo),
          "WrappedComponent": [Function],
          "compare": null,
          "displayName": "Connect(TaskPage)",
          "type": [Function],
        }
      }
      exact={true}
      path="/"
    />
    <Route
      component={
        Object {
          "$$typeof": Symbol(react.memo),
          "WrappedComponent": [Function],
          "compare": null,
          "displayName": "Connect(AuthPage)",
          "type": [Function],
        }
      }
      exact={true}
      path="/auth"
    />
    <Route
      component={[Function]}
      path="/features"
    />
    <Route
      component={[Function]}
      path=""
    />
  </Switch>
  <GlobalStyleComponent />
</ForwardRef>
`;
